div.assertion \
	 - Status: SUCCESS \
	 - Description: "attempt to divide by zero" 

