arbitrary_ensures_pass::max.missing_definition\
	 - Status: SUCCESS\
	 - Description: "Function `arbitrary_ensures_pass::max` with missing definition is unreachable"